mymocha
/Users/tsn/Desktop/MyMochaChaiSinonExample/specs/microgear.cache
/Users/Shared/Jenkins/Home/jobs/microgearlib_testing_mocha/workspace/specs/microgear.cache
